src/components/game/Canvas.tsx(818,8): error TS1005: ',' expected.
